// Jest Snapshot v1, https://goo.gl/fbAQLP

exports[`[Button] shared component test component and snapshot matches 1`] = `
<button
  className="sc-bwzfXH czrGzF"
  style={
    Object {
      "height": "60px",
      "width": "100%",
    }
  }
>
  <div>
    <span
      className="sc-htpNat lnXBCo"
    >
      Button 2nd test
    </span>
  </div>
</button>
`;
