// Jest Snapshot v1, https://goo.gl/fbAQLP

exports[`[SignIn] render renders without crashing 1`] = `
<div
  className="sc-bdVaJa jHgyWZ"
>
  <div
    data-testid="myText"
  >
    Sign In
  </div>
</div>
`;
