// Jest Snapshot v1, https://goo.gl/fbAQLP

exports[`[SignUp] render renders without crashing 1`] = `undefined`;
